###############################################################################
#
# IAR ELF Linker V8.50.9.278/W32 for ARM                  07/Sep/2022  10:58:44
# Copyright 2007-2020 IAR Systems AB.
#
#    Output file  =
#        D:\Mavlink\TLE9879_Mavlink\TLE9879QXA40_DMA_UART_TTY\Debug\Exe\TLE9879QXA40_DMA_UART_TTY.out
#    Map file     =
#        D:\Mavlink\TLE9879_Mavlink\TLE9879QXA40_DMA_UART_TTY\Debug\List\TLE9879QXA40_DMA_UART_TTY.map
#    Command line =
#        -f C:\Users\shun\AppData\Local\Temp\EW1AE3.tmp
#        (D:\Mavlink\TLE9879_Mavlink\TLE9879QXA40_DMA_UART_TTY\Debug\Obj\bootrom.o
#        D:\Mavlink\TLE9879_Mavlink\TLE9879QXA40_DMA_UART_TTY\Debug\Obj\dma.o
#        D:\Mavlink\TLE9879_Mavlink\TLE9879QXA40_DMA_UART_TTY\Debug\Obj\gpt12e.o
#        D:\Mavlink\TLE9879_Mavlink\TLE9879QXA40_DMA_UART_TTY\Debug\Obj\int.o
#        D:\Mavlink\TLE9879_Mavlink\TLE9879QXA40_DMA_UART_TTY\Debug\Obj\isr.o
#        D:\Mavlink\TLE9879_Mavlink\TLE9879QXA40_DMA_UART_TTY\Debug\Obj\lin.o
#        D:\Mavlink\TLE9879_Mavlink\TLE9879QXA40_DMA_UART_TTY\Debug\Obj\main.o
#        D:\Mavlink\TLE9879_Mavlink\TLE9879QXA40_DMA_UART_TTY\Debug\Obj\mon.o
#        D:\Mavlink\TLE9879_Mavlink\TLE9879QXA40_DMA_UART_TTY\Debug\Obj\pmu.o
#        D:\Mavlink\TLE9879_Mavlink\TLE9879QXA40_DMA_UART_TTY\Debug\Obj\port.o
#        D:\Mavlink\TLE9879_Mavlink\TLE9879QXA40_DMA_UART_TTY\Debug\Obj\scu.o
#        D:\Mavlink\TLE9879_Mavlink\TLE9879QXA40_DMA_UART_TTY\Debug\Obj\startup_tle987x.o
#        D:\Mavlink\TLE9879_Mavlink\TLE9879QXA40_DMA_UART_TTY\Debug\Obj\system_tle987x.o
#        D:\Mavlink\TLE9879_Mavlink\TLE9879QXA40_DMA_UART_TTY\Debug\Obj\tle_device.o
#        D:\Mavlink\TLE9879_Mavlink\TLE9879QXA40_DMA_UART_TTY\Debug\Obj\uart.o
#        D:\Mavlink\TLE9879_Mavlink\TLE9879QXA40_DMA_UART_TTY\Debug\Obj\wdt1.o
#        D:\Mavlink\TLE9879_Mavlink\TLE9879QXA40_DMA_UART_TTY\Debug\Obj\write.o
#        --no_out_extension -o
#        D:\Mavlink\TLE9879_Mavlink\TLE9879QXA40_DMA_UART_TTY\Debug\Exe\TLE9879QXA40_DMA_UART_TTY.out
#        --map
#        D:\Mavlink\TLE9879_Mavlink\TLE9879QXA40_DMA_UART_TTY\Debug\List\TLE9879QXA40_DMA_UART_TTY.map
#        --config "C:\Program Files (x86)\IAR Systems\Embedded Workbench
#        8.4\arm\config\linker\Infineon\tle9879.icf" --semihosting --entry
#        __iar_program_start --vfe --text_out locale)
#
###############################################################################

*******************************************************************************
*** RUNTIME MODEL ATTRIBUTES
***

CppFlavor       = *
__SystemLibrary = DLib
__dlib_version  = 6


*******************************************************************************
*** HEAP SELECTION
***

The basic heap was selected because no calls to memory allocation
functions were found in the application outside of system library
functions, and there are calls to deallocation functions in the
application.


*******************************************************************************
*** PLACEMENT SUMMARY
***

"A0":  place at address 0x1100'0000 { ro section .intvec };
"P1":  place in [from 0x0 to 0x0] |
                [from 0x1100'0000 to 0x1101'effb] { ro };
define block CSTACK with size = 512, alignment = 8 { };
define block HEAP with size = 1K, alignment = 8 { };
"P3":  place in [from 0x0 to 0x0] |
                [from 0x1800'0000 to 0x1800'17ff] {
          rw, block CSTACK, block HEAP };
initialize by copy { rw };

No sections matched the following patterns:

  ro section application_specific_ro  in "P2"
  rw section application_specific_rw  in "P4"
  section .nac                        in "A1"
  section .nad                        in "A2"


  Section            Kind         Address    Size  Object
  -------            ----         -------    ----  ------
"A0":                                        0x84
  .intvec            ro code  0x1100'0000    0x82  startup_tle987x.o [1]
                            - 0x1100'0082    0x82

"P1":                                      0x1548
  .text              ro code  0x1100'0084   0x6e4  main.o [1]
  .text              ro code  0x1100'0768    0xa6  ABImemcpy.o [3]
  .text              ro code  0x1100'080e    0x3a  zero_init3.o [3]
  .text              ro code  0x1100'0848    0x66  ABImemset.o [3]
  .text              ro code  0x1100'08ae    0x2c  tle_device.o [1]
  .text              ro code  0x1100'08da    0x2e  copy_init3.o [3]
  .text              ro code  0x1100'0908    0x80  wdt1.o [1]
  .text              ro code  0x1100'0988   0x1d4  dma.o [1]
  .text              ro code  0x1100'0b5c   0x31c  scu.o [1]
  .text              ro code  0x1100'0e78    0x98  pmu.o [1]
  .text              ro code  0x1100'0f10    0x7c  gpt12e.o [1]
  .text              ro code  0x1100'0f8c     0x2  lin.o [1]
  .text              ro code  0x1100'0f90    0x10  mon.o [1]
  .text              ro code  0x1100'0fa0    0xe8  port.o [1]
  .text              ro code  0x1100'1088    0x3c  uart.o [1]
  .text              ro code  0x1100'10c4   0x100  int.o [1]
  .rodata            const    0x1100'11c4   0x100  main.o [1]
  .text              ro code  0x1100'12c4    0xb0  isr.o [1]
  .text              ro code  0x1100'1374    0x30  system_tle987x.o [1]
  .text              ro code  0x1100'13a4    0x28  data_init.o [3]
  .iar.init_table    const    0x1100'13cc    0x2c  - Linker created -
  .text              ro code  0x1100'13f8    0x1e  cmain.o [3]
  .text              ro code  0x1100'1416     0x4  low_level_init.o [2]
  .text              ro code  0x1100'141a     0x4  exit.o [2]
  .text              ro code  0x1100'1420     0xa  cexit.o [3]
  .text              ro code  0x1100'142c    0x14  exit.o [4]
  .text              ro code  0x1100'1440    0x1c  cstartup_M.o [3]
  .text              ro code  0x1100'145c    0x10  startup_tle987x.o [1]
  .rodata            const    0x1100'146c     0x4  bootrom.o [1]
  .text              ro code  0x1100'1470     0x4  startup_tle987x.o [1]
  .text              ro code  0x1100'1474     0x4  startup_tle987x.o [1]
  .text              ro code  0x1100'1478     0x4  startup_tle987x.o [1]
  .text              ro code  0x1100'147c     0x4  startup_tle987x.o [1]
  .text              ro code  0x1100'1480     0x4  startup_tle987x.o [1]
  .text              ro code  0x1100'1484     0x4  startup_tle987x.o [1]
  .text              ro code  0x1100'1488     0x4  startup_tle987x.o [1]
  .text              ro code  0x1100'148c     0x4  startup_tle987x.o [1]
  .text              ro code  0x1100'1490     0x4  startup_tle987x.o [1]
  .text              ro code  0x1100'1494     0x4  startup_tle987x.o [1]
  .text              ro code  0x1100'1498     0x4  startup_tle987x.o [1]
  .text              ro code  0x1100'149c     0x4  startup_tle987x.o [1]
  .text              ro code  0x1100'14a0     0x4  startup_tle987x.o [1]
  .text              ro code  0x1100'14a4     0x4  startup_tle987x.o [1]
  .text              ro code  0x1100'14a8     0x4  startup_tle987x.o [1]
  .text              ro code  0x1100'14ac     0x4  startup_tle987x.o [1]
  .text              ro code  0x1100'14b0     0x4  startup_tle987x.o [1]
  .text              ro code  0x1100'14b4     0x4  startup_tle987x.o [1]
  .rodata            const    0x1100'14b8     0x0  zero_init3.o [3]
  .rodata            const    0x1100'14b8     0x0  copy_init3.o [3]
  Initializer bytes  const    0x1100'14b8   0x114  <for P3 s0>
                            - 0x1100'15cc  0x1548

"P3", part 1 of 3:                          0x114
  P3 s0                       0x1800'0000   0x114  <Init block>
    .data            inited   0x1800'0000   0x100  main.o [1]
    .data            inited   0x1800'0100    0x10  main.o [1]
    .data            inited   0x1800'0110     0x1  main.o [1]
    .data            inited   0x1800'0111     0x1  main.o [1]
                            - 0x1800'0114   0x114

"P3", part 2 of 3:                          0x6bc
  .bss               zero     0x1800'0118   0x440  main.o [1]
  .bss               zero     0x1800'0558   0x110  main.o [1]
  .bss               zero     0x1800'0668   0x108  main.o [1]
  .bss               zero     0x1800'0770    0x30  main.o [1]
  .bss               zero     0x1800'07a0    0x1c  main.o [1]
  .bss               zero     0x1800'07bc     0x4  main.o [1]
  .bss               zero     0x1800'07c0     0x4  uart.o [1]
  .bss               zero     0x1800'07c4     0x4  wdt1.o [1]
  .bss               zero     0x1800'07c8     0x2  main.o [1]
  .bss               zero     0x1800'07ca     0x1  main.o [1]
  .bss               zero     0x1800'07cb     0x1  main.o [1]
  .bss               zero     0x1800'07cc     0x1  wdt1.o [1]
                            - 0x1800'07cd   0x6b9

"P3", part 3 of 3:                          0x200
  CSTACK                      0x1800'07d0   0x200  <Block>
    CSTACK           uninit   0x1800'07d0   0x200  <Block tail>
                            - 0x1800'09d0   0x200

Absolute sections:                           0x10
  .bss               zero     0x1800'16c0    0x10  dma.o [1]
                            - 0x1800'16d0    0x10

Unused ranges:

         From           To      Size
         ----           --      ----
          0x0          0x0       0x1
  0x1100'15cc  0x1101'effb  0x1'da30
  0x1800'09d0  0x1800'16bf     0xcf0
  0x1800'16d0  0x1800'17ff     0x130


*******************************************************************************
*** INIT TABLE
***

          Address      Size
          -------      ----
Zero (__iar_zero_init3)
    2 destination ranges, total size 0x6c5:
          0x1800'0118  0x6b5
          0x1800'16c0   0x10

Copy (__iar_copy_init3)
    1 source range, total size 0x114 (100% of destination):
          0x1100'14b8  0x114
    1 destination range, total size 0x112:
          0x1800'0000  0x112



*******************************************************************************
*** MODULE SUMMARY
***

    Module             ro code  ro data  rw data  rw data
                                                   (abs)
    ------             -------  -------  -------  -------
command line/config:
    -----------------------------------------------------
    Total:

D:\Mavlink\TLE9879_Mavlink\TLE9879QXA40_DMA_UART_TTY\Debug\Obj: [1]
    bootrom.o                         4
    dma.o                  468                         16
    gpt12e.o               124
    int.o                  256
    isr.o                  176
    lin.o                    2
    main.o               1'764      530    1'982
    mon.o                   16
    pmu.o                  152
    port.o                 232
    scu.o                  796
    startup_tle987x.o      218
    system_tle987x.o        48
    tle_device.o            44
    uart.o                  60                 4
    wdt1.o                 128                 5
    -----------------------------------------------------
    Total:               4'484      534    1'991       16

dl7M_tln.a: [2]
    exit.o                   4
    low_level_init.o         4
    -----------------------------------------------------
    Total:                   8

rt7M_tl.a: [3]
    ABImemcpy.o            166
    ABImemset.o            102
    cexit.o                 10
    cmain.o                 30
    copy_init3.o            46
    cstartup_M.o            28
    data_init.o             40
    zero_init3.o            58
    -----------------------------------------------------
    Total:                 480

shb_l.a: [4]
    exit.o                  20
    -----------------------------------------------------
    Total:                  20

    Gaps                     6                 4
    Linker created                   46      512
---------------------------------------------------------
    Grand Total:         4'998      580    2'507       16


*******************************************************************************
*** ENTRY LIST
***

Entry                       Address   Size  Type      Object
-----                       -------   ----  ----      ------
.iar.init_table$$Base   0x1100'13cc          --   Gb  - Linker created -
.iar.init_table$$Limit  0x1100'13f8          --   Gb  - Linker created -
?main                   0x1100'13f9         Code  Gb  cmain.o [3]
BusFault_Handler        0x1100'1369    0x2  Code  Gb  isr.o [1]
CMSIS_Irq_Dis           0x1100'0b95    0x4  Code  Lc  scu.o [1]
CMSIS_Irq_En            0x1100'0b99    0x4  Code  Lc  scu.o [1]
CMSIS_NOP               0x1100'0b9d    0x4  Code  Lc  scu.o [1]
CSTACK$$Base            0x1800'07d0          --   Gb  - Linker created -
CSTACK$$Limit           0x1800'09d0          --   Gb  - Linker created -
DMA_CH12_Int_Clr        0x1100'12eb   0x10  Code  Lc  isr.o [1]
DMA_CH12_MAVlink_Config
                        0x1100'0671   0x7e  Code  Gb  main.o [1]
DMA_Entry_Ch12_Pri      0x1800'16c0   0x10  Data  Gb  dma.o [1]
DMA_IRQHandler          0x1100'1321   0x28  Code  Gb  isr.o [1]
DMA_Init                0x1100'0add   0x66  Code  Gb  dma.o [1]
DMA_Master_En           0x1100'012f    0xe  Code  Lc  main.o [1]
DMA_Reset_Channel       0x1100'0ab1   0x2c  Code  Gb  dma.o [1]
DMA_Setup_Channel       0x1100'0989  0x128  Code  Gb  dma.o [1]
DMA_UART_SEND_Complete  0x1100'05dd   0x68  Code  Gb  main.o [1]
Field_Mod16             0x1100'00a7   0x16  Code  Lc  main.o [1]
Field_Mod8              0x1100'0091   0x16  Code  Lc  main.o [1]
Field_Mod8              0x1100'0b61   0x16  Code  Lc  scu.o [1]
Field_Wrt8              0x1100'12cf    0xc  Code  Lc  isr.o [1]
Field_Wrt8              0x1100'0085    0xc  Code  Lc  main.o [1]
Field_Wrt8all           0x1100'0b5d    0x4  Code  Lc  scu.o [1]
GPT12E_Init             0x1100'0f11   0x4c  Code  Gb  gpt12e.o [1]
GPT12E_T3_Start         0x1100'00cb   0x12  Code  Lc  main.o [1]
GPT12E_T3_Stop          0x1100'00dd   0x12  Code  Lc  main.o [1]
HardFault_Handler       0x1100'1365    0x2  Code  Gb  isr.o [1]
INT_Init                0x1100'10c5  0x100  Code  Gb  int.o [1]
LIN_Init                0x1100'0f8d    0x2  Code  Gb  lin.o [1]
MON_Init                0x1100'0f91    0x8  Code  Gb  mon.o [1]
MemManage_Handler       0x1100'1367    0x2  Code  Gb  isr.o [1]
PLL_resetPllLockDetection
                        0x1100'0c97   0x10  Code  Lc  scu.o [1]
PLL_setK1divToOne       0x1100'0bfd   0x2e  Code  Lc  scu.o [1]
PLL_setNdivFromConfigWizard
                        0x1100'0c63   0x1e  Code  Lc  scu.o [1]
PLL_setNormalMode       0x1100'0cc9   0x10  Code  Lc  scu.o [1]
PLL_setOscTrim          0x1100'0c2b   0x38  Code  Lc  scu.o [1]
PLL_setPrescalerMode    0x1100'0cb9   0x10  Code  Lc  scu.o [1]
PLL_setVcoselK2divFromConfigWizard
                        0x1100'0c81   0x16  Code  Lc  scu.o [1]
PLL_setfSYStoLPCLK      0x1100'0ba1   0x2e  Code  Lc  scu.o [1]
PLL_setfSYStofPLL       0x1100'0bcf   0x2e  Code  Lc  scu.o [1]
PLL_waitForPllLock      0x1100'0ca7   0x12  Code  Lc  scu.o [1]
PMU_Init                0x1100'0e79   0x5c  Code  Gb  pmu.o [1]
PORT_Init               0x1100'0fa1   0x8c  Code  Gb  port.o [1]
PORT_P04_Output_High_Set
                        0x1100'00ef   0x12  Code  Lc  main.o [1]
Region$$Table$$Base     0x1100'13cc          --   Gb  - Linker created -
Region$$Table$$Limit    0x1100'13f8          --   Gb  - Linker created -
SCU_ClkInit             0x1100'0d27   0xb4  Code  Gb  scu.o [1]
SCU_ClosePASSWD         0x1100'0b87    0xe  Code  Lc  scu.o [1]
SCU_Init                0x1100'0ddb   0x44  Code  Gb  scu.o [1]
SCU_toggleAPCLK_SET     0x1100'0cd9   0x4e  Code  Lc  scu.o [1]
Sin_Table               0x1800'0000  0x100  Data  Gb  main.o [1]
SysTick_Handler         0x1100'136d    0x8  Code  Gb  isr.o [1]
SysTick_Init            0x1100'091d   0x2a  Code  Gb  wdt1.o [1]
SystemInit              0x1100'1375   0x30  Code  Gb  system_tle987x.o [1]
TLE_Init                0x1100'08af   0x2c  Code  Gb  tle_device.o [1]
UART1_Init              0x1100'1089    0x2  Code  Gb  uart.o [1]
UART2_Buffer_Get        0x1100'0101   0x10  Code  Lc  main.o [1]
UART2_Get_Byte          0x1100'0123    0xc  Code  Lc  main.o [1]
UART2_IRQHandler        0x1100'12fb   0x26  Code  Gb  isr.o [1]
UART2_Init              0x1100'108b   0x24  Code  Gb  uart.o [1]
UART2_RX_Int_Clr        0x1100'12db   0x10  Code  Lc  isr.o [1]
UART2_RX_Int_Clr        0x1100'0111   0x12  Code  Lc  main.o [1]
UART2_Receive_Interrupt_Callback
                        0x1100'0645   0x2c  Code  Gb  main.o [1]
UART2_Receive_Interrupt_Callback::data
                        0x1800'07cb    0x1  Data  Lc  main.o [1]
USER_CFLASH_WR_PROT_EN  0x1100'146c    0x4  Data  Gb  bootrom.o [1]
UsageFault_Handler      0x1100'136b    0x2  Code  Gb  isr.o [1]
WDT1_Init               0x1100'0909   0x14  Code  Gb  wdt1.o [1]
WDT1_Service            0x1100'0947   0x2a  Code  Gb  wdt1.o [1]
WDT1_Window_Count       0x1100'12c5    0xa  Code  Lc  isr.o [1]
WD_Counter              0x1800'07c4    0x4  Data  Gb  wdt1.o [1]
__aeabi_memcpy          0x1100'0769         Code  Gb  ABImemcpy.o [3]
__aeabi_memcpy4         0x1100'0789         Code  Gb  ABImemcpy.o [3]
__aeabi_memcpy8         0x1100'0789         Code  Gb  ABImemcpy.o [3]
__aeabi_memset          0x1100'0849         Code  Gb  ABImemset.o [3]
__cmain                 0x1100'13f9         Code  Gb  cmain.o [3]
__exit                  0x1100'142d   0x14  Code  Gb  exit.o [4]
__iar_Memset            0x1100'0849         Code  Gb  ABImemset.o [3]
__iar_Memset_word       0x1100'0851         Code  Gb  ABImemset.o [3]
__iar_copy_init3        0x1100'08db   0x2e  Code  Gb  copy_init3.o [3]
__iar_data_init3        0x1100'13a5   0x28  Code  Gb  data_init.o [3]
__iar_program_start     0x1100'1441         Code  Gb  cstartup_M.o [3]
__iar_zero_init3        0x1100'080f   0x3a  Code  Gb  zero_init3.o [3]
__low_level_init        0x1100'1417    0x4  Code  Gb  low_level_init.o [2]
__vector_table          0x1100'0000         Data  Gb  startup_tle987x.o [1]
_call_main              0x1100'1405         Code  Gb  cmain.o [3]
_exit                   0x1100'1421         Code  Gb  cexit.o [3]
_main                   0x1100'140f         Code  Gb  cmain.o [3]
bSOWactive              0x1800'07cc    0x1  Data  Lc  wdt1.o [1]
component_id            0x1800'0111    0x1  Data  Gb  main.o [1]
crc_accumulate          0x1100'013d   0x2a  Code  Lc  main.o [1]
crc_accumulate_buffer   0x1100'0197   0x20  Code  Lc  main.o [1]
crc_calculate           0x1100'016f   0x28  Code  Lc  main.o [1]
crc_init                0x1100'0167    0x8  Code  Lc  main.o [1]
exit                    0x1100'141b    0x4  Code  Gb  exit.o [2]
index                   0x1800'07ca    0x1  Data  Lc  main.o [1]
main                    0x1100'059d   0x40  Code  Gb  main.o [1]
mavlink_finalize_message
                        0x1100'0253   0x20  Code  Lc  main.o [1]
mavlink_finalize_message_chan
                        0x1100'01d5   0x7e  Code  Lc  main.o [1]
mavlink_frame_char      0x1100'0489   0x30  Code  Lc  main.o [1]
mavlink_frame_char_buffer
                        0x1100'02b9  0x1d0  Code  Lc  main.o [1]
mavlink_frame_char_buffer::mavlink_message_crcs
                        0x1100'11c4  0x100  Data  Lc  main.o [1]
mavlink_get_channel_buffer
                        0x1100'01c5   0x10  Code  Lc  main.o [1]
mavlink_get_channel_buffer::m_mavlink_buffer
                        0x1800'0118  0x440  Data  Lc  main.o [1]
mavlink_get_channel_status
                        0x1100'01b7    0xe  Code  Lc  main.o [1]
mavlink_get_channel_status::m_mavlink_status
                        0x1800'0770   0x30  Data  Lc  main.o [1]
mavlink_msg_pmsm_command_decode
                        0x1100'056f   0x2e  Code  Lc  main.o [1]
mavlink_msg_pmsm_status_pack
                        0x1100'050f   0x60  Code  Lc  main.o [1]
mavlink_msg_to_send_buffer
                        0x1100'0273   0x2e  Code  Lc  main.o [1]
mavlink_parse_char      0x1100'04b9   0x56  Code  Lc  main.o [1]
mavlink_pmsm_command    0x1800'07c8    0x2  Data  Gb  main.o [1]
mavlink_pmsm_status     0x1800'07a0   0x1c  Data  Gb  main.o [1]
mavlink_pmsm_status_Length
                        0x1800'07bc    0x4  Data  Gb  main.o [1]
mavlink_pmsm_status_buffer
                        0x1800'0668  0x108  Data  Gb  main.o [1]
mavlink_start_checksum  0x1100'02a1    0x8  Code  Lc  main.o [1]
mavlink_update_checksum
                        0x1100'02a9   0x10  Code  Lc  main.o [1]
msg_Tx                  0x1800'0558  0x110  Data  Gb  main.o [1]
system_id               0x1800'0110    0x1  Data  Gb  main.o [1]
u1_Field_Rd8            0x1100'0b77   0x10  Code  Lc  scu.o [1]
u8_Field_Rd8            0x1100'00bd    0xe  Code  Lc  main.o [1]
uart2                   0x1800'07c0    0x4  Data  Lc  uart.o [1]
uart_tx_data            0x1800'0100   0x10  Data  Gb  main.o [1]


[1] = D:\Mavlink\TLE9879_Mavlink\TLE9879QXA40_DMA_UART_TTY\Debug\Obj
[2] = dl7M_tln.a
[3] = rt7M_tl.a
[4] = shb_l.a

  4'998 bytes of readonly  code memory
    580 bytes of readonly  data memory
  2'507 bytes of readwrite data memory (+ 16 absolute)

Errors: none
Warnings: none
